============================================================
  IoT Secure Vault Authentication - Protocol Demo
============================================================

Parameters: N=16 keys, M=16 bytes/key, P=6 keys/challenge

[Setup] Initializing shared vault...
  Vault: 16 keys of 16 bytes each
  Device ID: Device_001

--------------------------------------------------
  Session 1/3
--------------------------------------------------

  [Step 1] Device -> Server: M1
    Device ID:  Device_001
    Session ID: 4b64d1dac03b76ff

  [Step 2] Server -> Device: M2
    Challenge C1: [14, 10, 8, 3, 13, 6]
    Nonce r1:     f37e0042cde68460b5a92c6a1aa70fc2...

  [Step 3] Device -> Server: M3
    Ciphertext:   8e361b4f2aa437a948ac85c1b3cdc485...
    (encrypted with k1 derived from C1)

  [Step 4] Server -> Device: M4
    Ciphertext:   277dae22e33347266379606f573e894b...
    Server verified r1 - device is authenticated!

  [Step 5] Finalization
    Device verified r2 - server is authenticated!
    Session Key (device): 1b4fa18869f349a444951ed3b5bb4bba...
    Session Key (server): 1b4fa18869f349a444951ed3b5bb4bba...
    Keys match: True
    Vault updated for next session.

--------------------------------------------------
  Session 2/3
--------------------------------------------------

  [Step 1] Device -> Server: M1
    Device ID:  Device_001
    Session ID: 980b96baec0ecfa1

  [Step 2] Server -> Device: M2
    Challenge C1: [7, 8, 4, 6, 11, 0]
    Nonce r1:     c67f70b7738e6449067afc17f71826f5...

  [Step 3] Device -> Server: M3
    Ciphertext:   af429ba093d3265ec36fab24cebe6a94...
    (encrypted with k1 derived from C1)

  [Step 4] Server -> Device: M4
    Ciphertext:   9edf0db6d72e017cbc3e0c398fc90517...
    Server verified r1 - device is authenticated!

  [Step 5] Finalization
    Device verified r2 - server is authenticated!
    Session Key (device): 7e4e3fad5dcdd1cfade8e49706473496...
    Session Key (server): 7e4e3fad5dcdd1cfade8e49706473496...
    Keys match: True
    Vault updated for next session.

--------------------------------------------------
  Session 3/3
--------------------------------------------------

  [Step 1] Device -> Server: M1
    Device ID:  Device_001
    Session ID: b12533f34cb27dbe

  [Step 2] Server -> Device: M2
    Challenge C1: [14, 5, 15, 11, 3, 8]
    Nonce r1:     d5a598a33e603aed01f69af377f162b9...

  [Step 3] Device -> Server: M3
    Ciphertext:   a12329457e00415ae12822d69a418bbf...
    (encrypted with k1 derived from C1)

  [Step 4] Server -> Device: M4
    Ciphertext:   91bc2a3ad90ce42c921a023503890535...
    Server verified r1 - device is authenticated!

  [Step 5] Finalization
    Device verified r2 - server is authenticated!
    Session Key (device): 5ebc521f468f655124e151929d824ad7...
    Session Key (server): 5ebc521f468f655124e151929d824ad7...
    Keys match: True
    Vault updated for next session.

============================================================
  All 3 sessions completed successfully!
  Mutual authentication verified. Vaults stay in sync.
============================================================

============================================================
  IoT Authentication - Experiment Suite
============================================================

Parameters: N=16, M=16, P=6
Running experiments...

  Secure Vault | 10 devices: 0.1751 ms (avg)
  Secure Vault | 50 devices: 0.1890 ms (avg)
  Secure Vault | 100 devices: 0.1894 ms (avg)
  Secure Vault | 500 devices: 0.2329 ms (avg)
  Secure Vault | 1000 devices: 0.1982 ms (avg)
  ECC (P-256) | 10 devices: 2.3323 ms (avg)
  ECC (P-256) | 50 devices: 2.1824 ms (avg)
  ECC (P-256) | 100 devices: 2.2318 ms (avg)
  ECC (P-256) | 500 devices: 2.1911 ms (avg)
  ECC (P-256) | 1000 devices: 2.1497 ms (avg)
  Simple Password | 10 devices: 0.0168 ms (avg)
  Simple Password | 50 devices: 0.0086 ms (avg)
  Simple Password | 100 devices: 0.0083 ms (avg)
  Simple Password | 500 devices: 0.0083 ms (avg)
  Simple Password | 1000 devices: 0.0085 ms (avg)

=== Authentication Time Comparison (ms per device) ===
+-----------+-------------------+-------------------+-------------------+
| # Devices |    Secure Vault   |    ECC (P-256)    |  Simple Password  |
+-----------+-------------------+-------------------+-------------------+
|     10    | 0.1751 +/- 0.0130 | 2.3323 +/- 0.1433 | 0.0168 +/- 0.0022 |
|     50    | 0.1890 +/- 0.0397 | 2.1824 +/- 0.0427 | 0.0086 +/- 0.0009 |
|    100    | 0.1894 +/- 0.0489 | 2.2318 +/- 0.0971 | 0.0083 +/- 0.0001 |
|    500    | 0.2329 +/- 0.0295 | 2.1911 +/- 0.0352 | 0.0083 +/- 0.0001 |
|    1000   | 0.1982 +/- 0.0325 | 2.1497 +/- 0.0068 | 0.0085 +/- 0.0004 |
+-----------+-------------------+-------------------+-------------------+

=== Detailed Breakdown ===
+-----------+-----------------+-----------+---------+----------+----------+
| # Devices |      Method     | Mean (ms) | Std Dev | Min (ms) | Max (ms) |
+-----------+-----------------+-----------+---------+----------+----------+
|     10    |   Secure Vault  |   0.1751  |  0.0130 |  0.1612  |  0.1939  |
|     10    |   ECC (P-256)   |   2.3323  |  0.1433 |  2.1748  |  2.5324  |
|     10    | Simple Password |   0.0168  |  0.0022 |  0.0150  |  0.0201  |
|     50    |   Secure Vault  |   0.1890  |  0.0397 |  0.1594  |  0.2574  |
|     50    |   ECC (P-256)   |   2.1824  |  0.0427 |  2.1365  |  2.2332  |
|     50    | Simple Password |   0.0086  |  0.0009 |  0.0081  |  0.0101  |
|    100    |   Secure Vault  |   0.1894  |  0.0489 |  0.1642  |  0.2766  |
|    100    |   ECC (P-256)   |   2.2318  |  0.0971 |  2.1330  |  2.3506  |
|    100    | Simple Password |   0.0083  |  0.0001 |  0.0082  |  0.0084  |
|    500    |   Secure Vault  |   0.2329  |  0.0295 |  0.1968  |  0.2634  |
|    500    |   ECC (P-256)   |   2.1911  |  0.0352 |  2.1527  |  2.2318  |
|    500    | Simple Password |   0.0083  |  0.0001 |  0.0082  |  0.0085  |
|    1000   |   Secure Vault  |   0.1982  |  0.0325 |  0.1699  |  0.2403  |
|    1000   |   ECC (P-256)   |   2.1497  |  0.0068 |  2.1439  |  2.1575  |
|    1000   | Simple Password |   0.0085  |  0.0004 |  0.0083  |  0.0092  |
+-----------+-----------------+-----------+---------+----------+----------+

Bar chart saved to d:\++ICT Unipd Padova++\Cyber Physical Systems and IoT Security\Project 02 CyberPhysical Systems\My Project 2\FinalProject-CPS-IoTSec-IoTAuthentication\experiments\..\results\bar_chart_comparison.png
Line chart saved to d:\++ICT Unipd Padova++\Cyber Physical Systems and IoT Security\Project 02 CyberPhysical Systems\My Project 2\FinalProject-CPS-IoTSec-IoTAuthentication\experiments\..\results\line_chart_scaling.png
Log-scale bar chart saved to d:\++ICT Unipd Padova++\Cyber Physical Systems and IoT Security\Project 02 CyberPhysical Systems\My Project 2\FinalProject-CPS-IoTSec-IoTAuthentication\experiments\..\results\bar_chart_log_scale.png

Experiments completed!
